Archive member included because of file (symbol)

e:/programs/atmel toolchain/avr8 gcc/native/3.4.1061/avr8-gnu-toolchain/bin/../lib/gcc/avr/4.8.1/avrxmega6\libgcc.a(_mulsi3.o)
                              src/fht.o (__mulsi3)
e:/programs/atmel toolchain/avr8 gcc/native/3.4.1061/avr8-gnu-toolchain/bin/../lib/gcc/avr/4.8.1/avrxmega6\libgcc.a(_exit.o)
                              e:/programs/atmel toolchain/avr8 gcc/native/3.4.1061/avr8-gnu-toolchain/bin/../lib/gcc/avr/4.8.1/../../../../avr/lib/avrxmega6/crtx256a3bu.o (exit)
e:/programs/atmel toolchain/avr8 gcc/native/3.4.1061/avr8-gnu-toolchain/bin/../lib/gcc/avr/4.8.1/avrxmega6\libgcc.a(_copy_data.o)
                              src/ASF/common/services/sleepmgr/xmega/sleepmgr.o (__do_copy_data)
e:/programs/atmel toolchain/avr8 gcc/native/3.4.1061/avr8-gnu-toolchain/bin/../lib/gcc/avr/4.8.1/avrxmega6\libgcc.a(_clear_bss.o)
                              src/ASF/xmega/drivers/adc/adc.o (__do_clear_bss)
e:/programs/atmel toolchain/avr8 gcc/native/3.4.1061/avr8-gnu-toolchain/bin/../lib/gcc/avr/4.8.1/avrxmega6\libgcc.a(_mulhisi3.o)
                              src/complexToDecibel.o (__mulhisi3)
e:/programs/atmel toolchain/avr8 gcc/native/3.4.1061/avr8-gnu-toolchain/bin/../lib/gcc/avr/4.8.1/avrxmega6\libgcc.a(_umulhisi3.o)
                              e:/programs/atmel toolchain/avr8 gcc/native/3.4.1061/avr8-gnu-toolchain/bin/../lib/gcc/avr/4.8.1/avrxmega6\libgcc.a(_mulhisi3.o) (__umulhisi3)
e:/programs/atmel toolchain/avr8 gcc/native/3.4.1061/avr8-gnu-toolchain/bin/../lib/gcc/avr/4.8.1/avrxmega6\libgcc.a(_usmulhisi3.o)
                              src/windowing.o (__usmulhisi3)
e:/programs/atmel toolchain/avr8 gcc/native/3.4.1061/avr8-gnu-toolchain/bin/../lib/gcc/avr/4.8.1/avrxmega6\libgcc.a(_muluhisi3.o)
                              src/complexToReal.o (__muluhisi3)
e:/programs/atmel toolchain/avr8 gcc/native/3.4.1061/avr8-gnu-toolchain/bin/../lib/gcc/avr/4.8.1/../../../../avr/lib/avrxmega6\libc.a(memcpy.o)
                              src/ASF/xmega/drivers/nvm/nvm.o (memcpy)

Allocating common symbols
Common symbol       size              file

adcb_callback       0x2               src/ASF/xmega/drivers/adc/adc.o
sleepmgr_locks      0x6               src/ASF/common/services/sleepmgr/xmega/sleepmgr.o
adca_callback       0x2               src/ASF/xmega/drivers/adc/adc.o

Discarded input sections

 .data          0x00000000        0x0 e:/programs/atmel toolchain/avr8 gcc/native/3.4.1061/avr8-gnu-toolchain/bin/../lib/gcc/avr/4.8.1/../../../../avr/lib/avrxmega6/crtx256a3bu.o
 .bss           0x00000000        0x0 e:/programs/atmel toolchain/avr8 gcc/native/3.4.1061/avr8-gnu-toolchain/bin/../lib/gcc/avr/4.8.1/../../../../avr/lib/avrxmega6/crtx256a3bu.o
 .group         0x00000000        0x8 src/ASF/xmega/drivers/adc/adc.o
 .group         0x00000000        0x8 src/ASF/xmega/drivers/adc/adc.o
 .group         0x00000000        0x8 src/ASF/xmega/drivers/adc/adc.o
 .group         0x00000000        0x8 src/ASF/xmega/drivers/adc/adc.o
 .group         0x00000000        0x8 src/ASF/xmega/drivers/adc/adc.o
 .group         0x00000000        0x8 src/ASF/xmega/drivers/adc/adc.o
 .group         0x00000000        0x8 src/ASF/xmega/drivers/adc/adc.o
 .group         0x00000000        0x8 src/ASF/xmega/drivers/adc/adc.o
 .group         0x00000000        0x8 src/ASF/xmega/drivers/adc/adc.o
 .group         0x00000000        0x8 src/ASF/xmega/drivers/adc/adc.o
 .group         0x00000000        0x8 src/ASF/xmega/drivers/adc/adc.o
 .group         0x00000000        0x8 src/ASF/xmega/drivers/adc/adc.o
 .group         0x00000000        0x8 src/ASF/xmega/drivers/adc/adc.o
 .group         0x00000000        0x8 src/ASF/xmega/drivers/adc/adc.o
 .group         0x00000000        0x8 src/ASF/xmega/drivers/adc/adc.o
 .group         0x00000000        0x8 src/ASF/xmega/drivers/adc/adc.o
 .group         0x00000000        0x8 src/ASF/xmega/drivers/adc/adc.o
 .group         0x00000000        0x8 src/ASF/xmega/drivers/adc/adc.o
 .group         0x00000000        0x8 src/ASF/xmega/drivers/adc/adc.o
 .group         0x00000000        0x8 src/ASF/xmega/drivers/adc/adc.o
 .group         0x00000000        0x8 src/ASF/xmega/drivers/adc/adc.o
 .group         0x00000000        0x8 src/ASF/xmega/drivers/adc/adc.o
 .group         0x00000000        0x8 src/ASF/xmega/drivers/adc/adc.o
 .group         0x00000000        0x8 src/ASF/xmega/drivers/adc/adc.o
 .group         0x00000000        0x8 src/ASF/xmega/drivers/adc/adc.o
 .group         0x00000000        0x8 src/ASF/xmega/drivers/adc/adc.o
 .group         0x00000000        0x8 src/ASF/xmega/drivers/adc/adc.o
 .group         0x00000000        0x8 src/ASF/xmega/drivers/adc/adc.o
 .group         0x00000000        0x8 src/ASF/xmega/drivers/adc/adc.o
 .group         0x00000000        0x8 src/ASF/xmega/drivers/adc/adc.o
 .group         0x00000000        0x8 src/ASF/xmega/drivers/adc/adc.o
 .group         0x00000000        0x8 src/ASF/xmega/drivers/adc/adc.o
[...]
Memory Configuration

Name             Origin             Length             Attributes
text             0x00000000         0x00100000         xr
data             0x00802000         0x0000ffa0         rw !x
eeprom           0x00810000         0x00010000         rw !x
fuse             0x00820000         0x00000400         rw !x
lock             0x00830000         0x00000400         rw !x
signature        0x00840000         0x00000400         rw !x
user_signatures  0x00850000         0x00000400         rw !x
*default*        0x00000000         0xffffffff

Linker script and memory map

LOAD e:/programs/atmel toolchain/avr8 gcc/native/3.4.1061/avr8-gnu-toolchain/bin/../lib/gcc/avr/4.8.1/../../../../avr/lib/avrxmega6/crtx256a3bu.o
LOAD src/ASF/xmega/drivers/adc/adc.o
LOAD src/ASF/xmega/drivers/tc/tc.o
LOAD src/complexToDecibel.o
LOAD src/complexToReal.o
LOAD src/fhtDebug.o
LOAD src/windowing.o
LOAD src/ASF/xmega/drivers/adc/xmega_aau/adc_aau.o
LOAD src/ASF/common/services/sleepmgr/xmega/sleepmgr.o
LOAD src/ASF/common/services/clock/xmega/sysclk.o
LOAD src/ASF/xmega/drivers/nvm/nvm.o
LOAD src/ASF/xmega/drivers/nvm/nvm_asm.o
LOAD src/ASF/xmega/drivers/cpu/ccp.o
LOAD src/ASF/common/services/ioport/xmega/ioport_compat.o
LOAD src/ASF/xmega/boards/xmega_a3bu_xplained/init.o
LOAD src/fht.o
LOAD src/generateTables.o
LOAD src/main.o
START GROUP
LOAD e:/programs/atmel toolchain/avr8 gcc/native/3.4.1061/avr8-gnu-toolchain/bin/../lib/gcc/avr/4.8.1/../../../../avr/lib/avrxmega6\libm.a
END GROUP
Address of section .BOOT set to 0x40000
START GROUP
LOAD e:/programs/atmel toolchain/avr8 gcc/native/3.4.1061/avr8-gnu-toolchain/bin/../lib/gcc/avr/4.8.1/avrxmega6\libgcc.a
LOAD e:/programs/atmel toolchain/avr8 gcc/native/3.4.1061/avr8-gnu-toolchain/bin/../lib/gcc/avr/4.8.1/../../../../avr/lib/avrxmega6\libm.a
LOAD e:/programs/atmel toolchain/avr8 gcc/native/3.4.1061/avr8-gnu-toolchain/bin/../lib/gcc/avr/4.8.1/../../../../avr/lib/avrxmega6\libc.a
END GROUP

.hash
 *(.hash)

.dynsym
 *(.dynsym)

.dynstr
 *(.dynstr)

.gnu.version
 *(.gnu.version)

.gnu.version_d
 *(.gnu.version_d)

.gnu.version_r
 *(.gnu.version_r)

.rel.init
 *(.rel.init)

.rela.init
 *(.rela.init)

.rel.text
 *(.rel.text)
 *(.rel.text.*)
 *(.rel.gnu.linkonce.t*)

.rela.text
 *(.rela.text)
 *(.rela.text.*)
 *(.rela.gnu.linkonce.t*)

.rel.fini
 *(.rel.fini)

.rela.fini
 *(.rela.fini)

.rel.rodata
 *(.rel.rodata)
 *(.rel.rodata.*)
 *(.rel.gnu.linkonce.r*)

.rela.rodata
 *(.rela.rodata)
 *(.rela.rodata.*)
 *(.rela.gnu.linkonce.r*)

.rel.data
 *(.rel.data)
 *(.rel.data.*)
 *(.rel.gnu.linkonce.d*)

.rela.data
 *(.rela.data)
 *(.rela.data.*)
 *(.rela.gnu.linkonce.d*)

.rel.ctors
 *(.rel.ctors)

.rela.ctors
 *(.rela.ctors)

.rel.dtors
 *(.rel.dtors)

.rela.dtors
 *(.rela.dtors)

.rel.got
 *(.rel.got)

.rela.got
 *(.rela.got)

.rel.bss
 *(.rel.bss)

.rela.bss
 *(.rela.bss)

.rel.plt
 *(.rel.plt)

.rela.plt
 *(.rela.plt)

.text           0x00000000     0x242a
 *(.vectors)
 .vectors       0x00000000      0x1fc e:/programs/atmel toolchain/avr8 gcc/native/3.4.1061/avr8-gnu-toolchain/bin/../lib/gcc/avr/4.8.1/../../../../avr/lib/avrxmega6/crtx256a3bu.o
                0x00000000                __vector_default
                0x00000000                __vectors
 *(.vectors)
 *(.progmem.gcc*)
                0x000001fc                . = ALIGN (0x2)
                0x000001fc                __trampolines_start = .
 *(.trampolines)
 .trampolines   0x000001fc        0x0 linker stubs
 *(.trampolines*)
                0x000001fc                __trampolines_end = .
 *(.progmem*)
 .progmem.data.dbMapPlusGain
                0x000001fc       0x80 src/complexToDecibel.o
                0x000001fc                dbMapPlusGain
 .progmem.data.hannTable
                0x0000027c      0x100 src/windowing.o
                0x0000027c                hannTable
                0x0000037c                . = ALIGN (0x2)
 *(.jumptables)
 *(.jumptables*)
 *(.lowtext)
 *(.lowtext*)
                0x0000037c                __ctors_start = .
 *(.ctors)
                0x0000037c                __ctors_end = .
                0x0000037c                __dtors_start = .
 *(.dtors)
                0x0000037c                __dtors_end = .
 SORT(*)(.ctors)
 SORT(*)(.dtors)
 *(.init0)
 .init0         0x0000037c        0x0 e:/programs/atmel toolchain/avr8 gcc/native/3.4.1061/avr8-gnu-toolchain/bin/../lib/gcc/avr/4.8.1/../../../../avr/lib/avrxmega6/crtx256a3bu.o
                0x0000037c                __init
 *(.init0)
 *(.init1)
 *(.init1)
 *(.init2)
 .init2         0x0000037c       0x10 e:/programs/atmel toolchain/avr8 gcc/native/3.4.1061/avr8-gnu-toolchain/bin/../lib/gcc/avr/4.8.1/../../../../avr/lib/avrxmega6/crtx256a3bu.o
 *(.init2)
 *(.init3)
 *(.init3)
 *(.init4)
 .init4         0x0000038c       0x1a e:/programs/atmel toolchain/avr8 gcc/native/3.4.1061/avr8-gnu-toolchain/bin/../lib/gcc/avr/4.8.1/avrxmega6\libgcc.a(_copy_data.o)
                0x0000038c                __do_copy_data
 .init4         0x000003a6       0x10 e:/programs/atmel toolchain/avr8 gcc/native/3.4.1061/avr8-gnu-toolchain/bin/../lib/gcc/avr/4.8.1/avrxmega6\libgcc.a(_clear_bss.o)
                0x000003a6                __do_clear_bss
 *(.init4)
 *(.init5)
 *(.init5)
 *(.init6)
 *(.init6)
 *(.init7)
 *(.init7)
 *(.init8)
 *(.init8)
 *(.init9)
 .init9         0x000003b6        0x8 e:/programs/atmel toolchain/avr8 gcc/native/3.4.1061/avr8-gnu-toolchain/bin/../lib/gcc/avr/4.8.1/../../../../avr/lib/avrxmega6/crtx256a3bu.o
 *(.init9)
 *(.text)
 .text          0x000003be        0x2 e:/programs/atmel toolchain/avr8 gcc/native/3.4.1061/avr8-gnu-toolchain/bin/../lib/gcc/avr/4.8.1/../../../../avr/lib/avrxmega6/crtx256a3bu.o
                0x000003be                __vector_38
                0x000003be                __vector_104
                0x000003be                __vector_63
                0x000003be                __vector_28
                0x000003be                __vector_67
                0x000003be                __vector_1
                0x000003be                __vector_119
                0x000003be                __vector_32
                0x000003be                __vector_75
                0x000003be                __vector_91
                0x000003be                __vector_34
                0x000003be                __vector_62
                0x000003be                __vector_102
                0x000003be                __vector_24
                0x000003be                __vector_12
                0x000003be                __vector_69
                0x000003be                __vector_90
                0x000003be                __vector_46
                0x000003be                __bad_interrupt
                0x000003be                __vector_122
                0x000003be                __vector_114
                0x000003be                __vector_6
                0x000003be                __vector_31
                0x000003be                __vector_92
                0x000003be                __vector_35
                0x000003be                __vector_117
                0x000003be                __vector_107
                0x000003be                __vector_3
                0x000003be                __vector_105
                0x000003be                __vector_98
                0x000003be                __vector_68
                0x000003be                __vector_30
                0x000003be                __vector_45
                0x000003be                __vector_25
                0x000003be                __vector_93
                0x000003be                __vector_61
                0x000003be                __vector_11
                0x000003be                __vector_99
                0x000003be                __vector_13
                0x000003be                __vector_7
                0x000003be                __vector_125
                0x000003be                __vector_123
                0x000003be                __vector_100
                0x000003be                __vector_101
                0x000003be                __vector_64
                0x000003be                __vector_88
                0x000003be                __vector_43
                0x000003be                __vector_27
                0x000003be                __vector_5
                0x000003be                __vector_33
                0x000003be                __vector_76
                0x000003be                __vector_115
                0x000003be                __vector_37
                0x000003be                __vector_95
                0x000003be                __vector_103
                0x000003be                __vector_96
                0x000003be                __vector_89
                0x000003be                __vector_4
                0x000003be                __vector_44
                0x000003be                __vector_106
                0x000003be                __vector_118
                0x000003be                __vector_9
                0x000003be                __vector_2
                0x000003be                __vector_66
                0x000003be                __vector_36
                0x000003be                __vector_58
                0x000003be                __vector_70
                0x000003be                __vector_29
                0x000003be                __vector_60
                0x000003be                __vector_121
                0x000003be                __vector_94
                0x000003be                __vector_126
                0x000003be                __vector_8
                0x000003be                __vector_26
                0x000003be                __vector_124
                0x000003be                __vector_116
                0x000003be                __vector_57
                0x000003be                __vector_10
                0x000003be                __vector_59
                0x000003be                __vector_97
                0x000003be                __vector_87
                0x000003be                __vector_65
                0x000003be                __vector_120
                0x000003c0                . = ALIGN (0x2)
 *(.text.*)
 .text.adc_enable_clock
                0x000003c0       0x42 src/ASF/xmega/drivers/adc/adc.o
                0x000003c0                adc_enable_clock
 .text.adc_disable_clock
                0x00000402       0x3e src/ASF/xmega/drivers/adc/adc.o
                0x00000402                adc_disable_clock
 .text.adc_enable
                0x00000440       0x2e src/ASF/xmega/drivers/adc/adc.o
                0x00000440                adc_enable
 .text.__vector_14
                0x0000046e       0x5a src/ASF/xmega/drivers/tc/tc.o
                0x0000046e                __vector_14
 .text.__vector_15
                0x000004c8       0x5a src/ASF/xmega/drivers/tc/tc.o
                0x000004c8                __vector_15
 .text.__vector_16
                0x00000522       0x5a src/ASF/xmega/drivers/tc/tc.o
                0x00000522                __vector_16
 .text.__vector_17
                0x0000057c       0x5a src/ASF/xmega/drivers/tc/tc.o
                0x0000057c                __vector_17
 .text.__vector_18
                0x000005d6       0x5a src/ASF/xmega/drivers/tc/tc.o
                0x000005d6                __vector_18
 .text.__vector_19
                0x00000630       0x5a src/ASF/xmega/drivers/tc/tc.o
                0x00000630                __vector_19
 .text.__vector_20
                0x0000068a       0x5a src/ASF/xmega/drivers/tc/tc.o
                0x0000068a                __vector_20
 .text.__vector_21
                0x000006e4       0x5a src/ASF/xmega/drivers/tc/tc.o
                0x000006e4                __vector_21
 .text.__vector_22
                0x0000073e       0x5a src/ASF/xmega/drivers/tc/tc.o
                0x0000073e                __vector_22
 .text.__vector_23
                0x00000798       0x5a src/ASF/xmega/drivers/tc/tc.o
                0x00000798                __vector_23
 .text.__vector_77
                0x000007f2       0x5a src/ASF/xmega/drivers/tc/tc.o
                0x000007f2                __vector_77
 .text.__vector_78
                0x0000084c       0x5a src/ASF/xmega/drivers/tc/tc.o
                0x0000084c                __vector_78
 .text.__vector_79
                0x000008a6       0x5a src/ASF/xmega/drivers/tc/tc.o
                0x000008a6                __vector_79
 .text.__vector_80
                0x00000900       0x5a src/ASF/xmega/drivers/tc/tc.o
                0x00000900                __vector_80
 .text.__vector_81
                0x0000095a       0x5a src/ASF/xmega/drivers/tc/tc.o
                0x0000095a                __vector_81
 .text.__vector_82
                0x000009b4       0x5a src/ASF/xmega/drivers/tc/tc.o
                0x000009b4                __vector_82
 .text.__vector_83
                0x00000a0e       0x5a src/ASF/xmega/drivers/tc/tc.o
                0x00000a0e                __vector_83
 .text.__vector_84
                0x00000a68       0x5a src/ASF/xmega/drivers/tc/tc.o
                0x00000a68                __vector_84
 .text.__vector_85
                0x00000ac2       0x5a src/ASF/xmega/drivers/tc/tc.o
                0x00000ac2                __vector_85
 .text.__vector_86
                0x00000b1c       0x5a src/ASF/xmega/drivers/tc/tc.o
                0x00000b1c                __vector_86
 .text.__vector_47
                0x00000b76       0x5a src/ASF/xmega/drivers/tc/tc.o
                0x00000b76                __vector_47
 .text.__vector_48
                0x00000bd0       0x5a src/ASF/xmega/drivers/tc/tc.o
                0x00000bd0                __vector_48
 .text.__vector_49
                0x00000c2a       0x5a src/ASF/xmega/drivers/tc/tc.o
                0x00000c2a                __vector_49
 .text.__vector_50
                0x00000c84       0x5a src/ASF/xmega/drivers/tc/tc.o
                0x00000c84                __vector_50
 .text.__vector_51
                0x00000cde       0x5a src/ASF/xmega/drivers/tc/tc.o
                0x00000cde                __vector_51
 .text.__vector_52
                0x00000d38       0x5a src/ASF/xmega/drivers/tc/tc.o
                0x00000d38                __vector_52
 .text.__vector_53
                0x00000d92       0x5a src/ASF/xmega/drivers/tc/tc.o
                0x00000d92                __vector_53
 .text.__vector_54
                0x00000dec       0x5a src/ASF/xmega/drivers/tc/tc.o
                0x00000dec                __vector_54
 .text.__vector_55
                0x00000e46       0x5a src/ASF/xmega/drivers/tc/tc.o
                0x00000e46                __vector_55
 .text.__vector_56
                0x00000ea0       0x5a src/ASF/xmega/drivers/tc/tc.o
                0x00000ea0                __vector_56
 .text.__vector_108
                0x00000efa       0x5a src/ASF/xmega/drivers/tc/tc.o
                0x00000efa                __vector_108
 .text.__vector_109
                0x00000f54       0x5a src/ASF/xmega/drivers/tc/tc.o
                0x00000f54                __vector_109
 .text.__vector_110
                0x00000fae       0x5a src/ASF/xmega/drivers/tc/tc.o
                0x00000fae                __vector_110
 .text.__vector_111
                0x00001008       0x5a src/ASF/xmega/drivers/tc/tc.o
                0x00001008                __vector_111
 .text.__vector_112
                0x00001062       0x5a src/ASF/xmega/drivers/tc/tc.o
                0x00001062                __vector_112
 .text.__vector_113
                0x000010bc       0x5a src/ASF/xmega/drivers/tc/tc.o
                0x000010bc                __vector_113
 .text.tc_enable
                0x00001116       0xbc src/ASF/xmega/drivers/tc/tc.o
                0x00001116                tc_enable
 .text.tc_set_overflow_interrupt_callback
                0x000011d2       0x7c src/ASF/xmega/drivers/tc/tc.o
                0x000011d2                tc_set_overflow_interrupt_callback
 .text.complexToDecibelWithGain
                0x0000124e      0x114 src/complexToDecibel.o
                0x0000124e                complexToDecibelWithGain
 .text.applyHannWindow
                0x00001362       0xb0 src/windowing.o
                0x00001362                applyHannWindow
 .text.__vector_71
                0x00001412       0x64 src/ASF/xmega/drivers/adc/xmega_aau/adc_aau.o
                0x00001412                __vector_71
 .text.__vector_72
                0x00001476       0x64 src/ASF/xmega/drivers/adc/xmega_aau/adc_aau.o
                0x00001476                __vector_72
 .text.__vector_73
                0x000014da       0x64 src/ASF/xmega/drivers/adc/xmega_aau/adc_aau.o
                0x000014da                __vector_73
 .text.__vector_74
                0x0000153e       0x64 src/ASF/xmega/drivers/adc/xmega_aau/adc_aau.o
                0x0000153e                __vector_74
 .text.__vector_39
                0x000015a2       0x64 src/ASF/xmega/drivers/adc/xmega_aau/adc_aau.o
                0x000015a2                __vector_39
 .text.__vector_40
                0x00001606       0x64 src/ASF/xmega/drivers/adc/xmega_aau/adc_aau.o
                0x00001606                __vector_40
 .text.__vector_41
                0x0000166a       0x64 src/ASF/xmega/drivers/adc/xmega_aau/adc_aau.o
                0x0000166a                __vector_41
 .text.__vector_42
                0x000016ce       0x64 src/ASF/xmega/drivers/adc/xmega_aau/adc_aau.o
                0x000016ce                __vector_42
 .text.adc_write_configuration
                0x00001732       0xa6 src/ASF/xmega/drivers/adc/xmega_aau/adc_aau.o
                0x00001732                adc_write_configuration
 .text.adc_read_configuration
                0x000017d8       0x4a src/ASF/xmega/drivers/adc/xmega_aau/adc_aau.o
                0x000017d8                adc_read_configuration
 .text.adcch_write_configuration
                0x00001822       0x76 src/ASF/xmega/drivers/adc/xmega_aau/adc_aau.o
                0x00001822                adcch_write_configuration
 .text.adcch_read_configuration
                0x00001898       0x78 src/ASF/xmega/drivers/adc/xmega_aau/adc_aau.o
                0x00001898                adcch_read_configuration
 .text.sysclk_init
                0x00001910       0x4e src/ASF/common/services/clock/xmega/sysclk.o
                0x00001910                sysclk_init
 .text.sysclk_enable_module
                0x0000195e       0x18 src/ASF/common/services/clock/xmega/sysclk.o
                0x0000195e                sysclk_enable_module
 .text.sysclk_disable_module
                0x00001976       0x16 src/ASF/common/services/clock/xmega/sysclk.o
                0x00001976                sysclk_disable_module
 .text.nvm_read_byte
                0x0000198c       0x14 src/ASF/xmega/drivers/nvm/nvm_asm.o
                0x0000198c                nvm_read_byte
 .text.ccp_write_io
                0x000019a0        0xc src/ASF/xmega/drivers/cpu/ccp.o
                0x000019a0                ccp_write_io
 .text.ioport_configure_port_pin
                0x000019ac       0x50 src/ASF/common/services/ioport/xmega/ioport_compat.o
                0x000019ac                ioport_configure_port_pin
 .text.board_init
                0x000019fc      0x13a src/ASF/xmega/boards/xmega_a3bu_xplained/init.o
                0x000019fc                board_init
 .text.fhtDitInt
                0x00001b36      0x51e src/fht.o
                0x00001b36                fhtDitInt
 .text.take_sample
                0x00002054       0x3e src/main.o
 .text.main     0x00002092      0x32c src/main.o
                0x00002092                main
 .text.libgcc.mul
                0x000023be       0x1e e:/programs/atmel toolchain/avr8 gcc/native/3.4.1061/avr8-gnu-toolchain/bin/../lib/gcc/avr/4.8.1/avrxmega6\libgcc.a(_mulsi3.o)
                0x000023be                __mulsi3
 .text.libgcc.mul
                0x000023dc        0xc e:/programs/atmel toolchain/avr8 gcc/native/3.4.1061/avr8-gnu-toolchain/bin/../lib/gcc/avr/4.8.1/avrxmega6\libgcc.a(_mulhisi3.o)
                0x000023dc                __mulhisi3
 .text.libgcc.mul
                0x000023e8       0x1e e:/programs/atmel toolchain/avr8 gcc/native/3.4.1061/avr8-gnu-toolchain/bin/../lib/gcc/avr/4.8.1/avrxmega6\libgcc.a(_umulhisi3.o)
                0x000023e8                __umulhisi3
 .text.libgcc.mul
                0x00002406        0xc e:/programs/atmel toolchain/avr8 gcc/native/3.4.1061/avr8-gnu-toolchain/bin/../lib/gcc/avr/4.8.1/avrxmega6\libgcc.a(_usmulhisi3.o)
                0x00002406                __usmulhisi3
                0x00002408                __usmulhisi3_tail
 .text.libgcc.mul
                0x00002412       0x14 e:/programs/atmel toolchain/avr8 gcc/native/3.4.1061/avr8-gnu-toolchain/bin/../lib/gcc/avr/4.8.1/avrxmega6\libgcc.a(_muluhisi3.o)
                0x00002412                __muluhisi3
                0x00002426                . = ALIGN (0x2)
 *(.fini9)
 .fini9         0x00002426        0x0 e:/programs/atmel toolchain/avr8 gcc/native/3.4.1061/avr8-gnu-toolchain/bin/../lib/gcc/avr/4.8.1/avrxmega6\libgcc.a(_exit.o)
                0x00002426                _exit
                0x00002426                exit
 *(.fini9)
 *(.fini8)
 *(.fini8)
 *(.fini7)
 *(.fini7)
 *(.fini6)
 *(.fini6)
 *(.fini5)
 *(.fini5)
 *(.fini4)
 *(.fini4)
 *(.fini3)
 *(.fini3)
 *(.fini2)
 *(.fini2)
 *(.fini1)
 *(.fini1)
 *(.fini0)
 .fini0         0x00002426        0x4 e:/programs/atmel toolchain/avr8 gcc/native/3.4.1061/avr8-gnu-toolchain/bin/../lib/gcc/avr/4.8.1/avrxmega6\libgcc.a(_exit.o)
 *(.fini0)
                0x0000242a                _etext = .

.data           0x00802000       0x20 load address 0x0000242a
                0x00802000                PROVIDE (__data_start, .)
 *(.data)
 *(.data*)
 *(.rodata)
 *(.rodata*)
 .rodata.sinTable
                0x00802000       0x10 src/fht.o
                0x00802000                sinTable
 .rodata.cosTable
                0x00802010       0x10 src/fht.o
                0x00802010                cosTable
 *(.gnu.linkonce.d*)
                0x00802020                . = ALIGN (0x2)
                0x00802020                _edata = .
                0x00802020                PROVIDE (__data_end, .)

.bss            0x00802020      0x65c
                0x00802020                PROVIDE (__bss_start, .)
 *(.bss)
 *(.bss*)
 .bss.adcb_enable_count
                0x00802020        0x1 src/ASF/xmega/drivers/adc/adc.o
 .bss.adca_enable_count
                0x00802021        0x1 src/ASF/xmega/drivers/adc/adc.o
 .bss.tc_tcf0_ccd_callback
                0x00802022        0x2 src/ASF/xmega/drivers/tc/tc.o
 .bss.tc_tcf0_ccc_callback
                0x00802024        0x2 src/ASF/xmega/drivers/tc/tc.o
 .bss.tc_tcf0_ccb_callback
                0x00802026        0x2 src/ASF/xmega/drivers/tc/tc.o
 .bss.tc_tcf0_cca_callback
                0x00802028        0x2 src/ASF/xmega/drivers/tc/tc.o
 .bss.tc_tcf0_err_callback
                0x0080202a        0x2 src/ASF/xmega/drivers/tc/tc.o
 .bss.tc_tcf0_ovf_callback
                0x0080202c        0x2 src/ASF/xmega/drivers/tc/tc.o
 .bss.tc_tce1_ccb_callback
                0x0080202e        0x2 src/ASF/xmega/drivers/tc/tc.o
 .bss.tc_tce1_cca_callback
                0x00802030        0x2 src/ASF/xmega/drivers/tc/tc.o
 .bss.tc_tce1_err_callback
                0x00802032        0x2 src/ASF/xmega/drivers/tc/tc.o
 .bss.tc_tce1_ovf_callback
                0x00802034        0x2 src/ASF/xmega/drivers/tc/tc.o
 .bss.tc_tce0_ccd_callback
                0x00802036        0x2 src/ASF/xmega/drivers/tc/tc.o
 .bss.tc_tce0_ccc_callback
                0x00802038        0x2 src/ASF/xmega/drivers/tc/tc.o
 .bss.tc_tce0_ccb_callback
                0x0080203a        0x2 src/ASF/xmega/drivers/tc/tc.o
 .bss.tc_tce0_cca_callback
                0x0080203c        0x2 src/ASF/xmega/drivers/tc/tc.o
 .bss.tc_tce0_err_callback
                0x0080203e        0x2 src/ASF/xmega/drivers/tc/tc.o
 .bss.tc_tce0_ovf_callback
                0x00802040        0x2 src/ASF/xmega/drivers/tc/tc.o
 .bss.tc_tcd1_ccb_callback
                0x00802042        0x2 src/ASF/xmega/drivers/tc/tc.o
 .bss.tc_tcd1_cca_callback
                0x00802044        0x2 src/ASF/xmega/drivers/tc/tc.o
 .bss.tc_tcd1_err_callback
                0x00802046        0x2 src/ASF/xmega/drivers/tc/tc.o
 .bss.tc_tcd1_ovf_callback
                0x00802048        0x2 src/ASF/xmega/drivers/tc/tc.o
 .bss.tc_tcd0_ccd_callback
                0x0080204a        0x2 src/ASF/xmega/drivers/tc/tc.o
 .bss.tc_tcd0_ccc_callback
                0x0080204c        0x2 src/ASF/xmega/drivers/tc/tc.o
 .bss.tc_tcd0_ccb_callback
                0x0080204e        0x2 src/ASF/xmega/drivers/tc/tc.o
 .bss.tc_tcd0_cca_callback
                0x00802050        0x2 src/ASF/xmega/drivers/tc/tc.o
 .bss.tc_tcd0_err_callback
                0x00802052        0x2 src/ASF/xmega/drivers/tc/tc.o
 .bss.tc_tcd0_ovf_callback
                0x00802054        0x2 src/ASF/xmega/drivers/tc/tc.o
 .bss.tc_tcc1_ccb_callback
                0x00802056        0x2 src/ASF/xmega/drivers/tc/tc.o
 .bss.tc_tcc1_cca_callback
                0x00802058        0x2 src/ASF/xmega/drivers/tc/tc.o
 .bss.tc_tcc1_err_callback
                0x0080205a        0x2 src/ASF/xmega/drivers/tc/tc.o
 .bss.tc_tcc1_ovf_callback
                0x0080205c        0x2 src/ASF/xmega/drivers/tc/tc.o
 .bss.tc_tcc0_ccd_callback
                0x0080205e        0x2 src/ASF/xmega/drivers/tc/tc.o
 .bss.tc_tcc0_ccc_callback
                0x00802060        0x2 src/ASF/xmega/drivers/tc/tc.o
 .bss.tc_tcc0_ccb_callback
                0x00802062        0x2 src/ASF/xmega/drivers/tc/tc.o
 .bss.tc_tcc0_cca_callback
                0x00802064        0x2 src/ASF/xmega/drivers/tc/tc.o
 .bss.tc_tcc0_err_callback
                0x00802066        0x2 src/ASF/xmega/drivers/tc/tc.o
 .bss.tc_tcc0_ovf_callback
                0x00802068        0x2 src/ASF/xmega/drivers/tc/tc.o
 .bss.right_treble.5575
                0x0080206a        0x1 src/main.o
 .bss.right_mid.5574
                0x0080206b        0x1 src/main.o
 .bss.right_bass.5573
                0x0080206c        0x1 src/main.o
 .bss.left_treble.5572
                0x0080206d        0x1 src/main.o
 .bss.left_mid.5571
                0x0080206e        0x1 src/main.o
 .bss.left_bass.5570
                0x0080206f        0x1 src/main.o
 .bss.right_results.5569
                0x00802070      0x100 src/main.o
 .bss.left_results.5568
                0x00802170      0x100 src/main.o
 .bss.samples_taken
                0x00802270        0x2 src/main.o
 .bss.right     0x00802272      0x200 src/main.o
 .bss.left      0x00802472      0x200 src/main.o
 *(COMMON)
 COMMON         0x00802672        0x4 src/ASF/xmega/drivers/adc/adc.o
                0x00802672                adcb_callback
                0x00802674                adca_callback
 COMMON         0x00802676        0x6 src/ASF/common/services/sleepmgr/xmega/sleepmgr.o
                0x00802676                sleepmgr_locks
                0x0080267c                PROVIDE (__bss_end, .)
                0x0000242a                __data_load_start = LOADADDR (.data)
                0x0000244a                __data_load_end = (__data_load_start + SIZEOF (.data))

.noinit         0x0080267c        0x0
                0x0080267c                PROVIDE (__noinit_start, .)
 *(.noinit*)
                0x0080267c                PROVIDE (__noinit_end, .)
                0x0080267c                _end = .
                0x0080267c                PROVIDE (__heap_start, .)

.eeprom         0x00810000        0x0
 *(.eeprom*)
                0x00810000                __eeprom_end = .

.fuse
 *(.fuse)
 *(.lfuse)
 *(.hfuse)
 *(.efuse)

.lock
 *(.lock*)

.signature
 *(.signature*)

.user_signatures
 *(.user_signatures*)

.stab
 *(.stab)

.stabstr
 *(.stabstr)

.stab.excl
 *(.stab.excl)

.stab.exclstr
 *(.stab.exclstr)

.stab.index
 *(.stab.index)

.stab.indexstr
 *(.stab.indexstr)

.comment        0x00000000       0x30
 *(.comment)
 .comment       0x00000000       0x30 src/ASF/xmega/drivers/adc/adc.o
                                 0x31 (size before relaxing)
 .comment       0x00000000       0x31 src/ASF/xmega/drivers/tc/tc.o
 .comment       0x00000000       0x31 src/complexToDecibel.o
 .comment       0x00000000       0x31 src/windowing.o
 .comment       0x00000000       0x31 src/ASF/xmega/drivers/adc/xmega_aau/adc_aau.o
 .comment       0x00000000       0x31 src/ASF/common/services/sleepmgr/xmega/sleepmgr.o
 .comment       0x00000000       0x31 src/ASF/common/services/clock/xmega/sysclk.o
 .comment       0x00000000       0x31 src/ASF/common/services/ioport/xmega/ioport_compat.o
 .comment       0x00000000       0x31 src/ASF/xmega/boards/xmega_a3bu_xplained/init.o
 .comment       0x00000000       0x31 src/fht.o
 .comment       0x00000000       0x31 src/main.o

.note.gnu.build-id
 *(.note.gnu.build-id)

.debug
 *(.debug)

.line
 *(.line)

.debug_srcinfo
 *(.debug_srcinfo)

.debug_sfnames
 *(.debug_sfnames)

.debug_aranges  0x00000000      0x3b0
 *(.debug_aranges)
 .debug_aranges
                0x00000000       0x48 src/ASF/xmega/drivers/adc/adc.o
 .debug_aranges
                0x00000048      0x178 src/ASF/xmega/drivers/tc/tc.o
 .debug_aranges
                0x000001c0       0x28 src/complexToDecibel.o
 .debug_aranges
                0x000001e8       0x28 src/windowing.o
 .debug_aranges
                0x00000210       0x78 src/ASF/xmega/drivers/adc/xmega_aau/adc_aau.o
 .debug_aranges
                0x00000288       0x18 src/ASF/common/services/sleepmgr/xmega/sleepmgr.o
 .debug_aranges
                0x000002a0       0x40 src/ASF/common/services/clock/xmega/sysclk.o
 .debug_aranges
                0x000002e0       0x28 src/ASF/xmega/drivers/nvm/nvm_asm.o
 .debug_aranges
                0x00000308       0x20 src/ASF/xmega/drivers/cpu/ccp.o
 .debug_aranges
                0x00000328       0x20 src/ASF/common/services/ioport/xmega/ioport_compat.o
 .debug_aranges
                0x00000348       0x20 src/ASF/xmega/boards/xmega_a3bu_xplained/init.o
 .debug_aranges
                0x00000368       0x20 src/fht.o
 .debug_aranges
                0x00000388       0x28 src/main.o

.debug_pubnames
 *(.debug_pubnames)

.debug_info     0x00000000     0x7229
 *(.debug_info .gnu.linkonce.wi.*)
 .debug_info    0x00000000      0xaad src/ASF/xmega/drivers/adc/adc.o
 .debug_info    0x00000aad     0x1943 src/ASF/xmega/drivers/tc/tc.o
 .debug_info    0x000023f0      0x1be src/complexToDecibel.o
 .debug_info    0x000025ae      0x224 src/windowing.o
 .debug_info    0x000027d2      0xec2 src/ASF/xmega/drivers/adc/xmega_aau/adc_aau.o
 .debug_info    0x00003694      0x121 src/ASF/common/services/sleepmgr/xmega/sleepmgr.o
 .debug_info    0x000037b5      0x836 src/ASF/common/services/clock/xmega/sysclk.o
 .debug_info    0x00003feb       0xb4 src/ASF/xmega/drivers/nvm/nvm_asm.o
 .debug_info    0x0000409f       0xb4 src/ASF/xmega/drivers/cpu/ccp.o
 .debug_info    0x00004153      0x11d src/ASF/common/services/ioport/xmega/ioport_compat.o
 .debug_info    0x00004270      0xa6d src/ASF/xmega/boards/xmega_a3bu_xplained/init.o
 .debug_info    0x00004cdd      0x1c1 src/fht.o
 .debug_info    0x00004e9e     0x238b src/main.o

.debug_abbrev   0x00000000     0x13c5
 *(.debug_abbrev)
 .debug_abbrev  0x00000000      0x2b9 src/ASF/xmega/drivers/adc/adc.o
 .debug_abbrev  0x000002b9      0x2a7 src/ASF/xmega/drivers/tc/tc.o
 .debug_abbrev  0x00000560       0xbd src/complexToDecibel.o
 .debug_abbrev  0x0000061d       0xd9 src/windowing.o
 .debug_abbrev  0x000006f6      0x32a src/ASF/xmega/drivers/adc/xmega_aau/adc_aau.o
 .debug_abbrev  0x00000a20       0x80 src/ASF/common/services/sleepmgr/xmega/sleepmgr.o
 .debug_abbrev  0x00000aa0      0x27b src/ASF/common/services/clock/xmega/sysclk.o
 .debug_abbrev  0x00000d1b       0x12 src/ASF/xmega/drivers/nvm/nvm_asm.o
 .debug_abbrev  0x00000d2d       0x14 src/ASF/xmega/drivers/cpu/ccp.o
 .debug_abbrev  0x00000d41       0x93 src/ASF/common/services/ioport/xmega/ioport_compat.o
 .debug_abbrev  0x00000dd4      0x160 src/ASF/xmega/boards/xmega_a3bu_xplained/init.o
 .debug_abbrev  0x00000f34       0xc3 src/fht.o
 .debug_abbrev  0x00000ff7      0x3ce src/main.o

.debug_line     0x00000000     0x4870
 *(.debug_line .debug_line.* .debug_line_end)
 .debug_line    0x00000000      0x731 src/ASF/xmega/drivers/adc/adc.o
 .debug_line    0x00000731      0xe4c src/ASF/xmega/drivers/tc/tc.o
 .debug_line    0x0000157d      0x36d src/complexToDecibel.o
 .debug_line    0x000018ea      0x31e src/windowing.o
 .debug_line    0x00001c08      0x917 src/ASF/xmega/drivers/adc/xmega_aau/adc_aau.o
 .debug_line    0x0000251f      0x3ff src/ASF/common/services/sleepmgr/xmega/sleepmgr.o
 .debug_line    0x0000291e      0x616 src/ASF/common/services/clock/xmega/sysclk.o
 .debug_line    0x00002f34      0x11f src/ASF/xmega/drivers/nvm/nvm_asm.o
 .debug_line    0x00003053       0x6e src/ASF/xmega/drivers/cpu/ccp.o
 .debug_line    0x000030c1      0x45c src/ASF/common/services/ioport/xmega/ioport_compat.o
 .debug_line    0x0000351d      0x487 src/ASF/xmega/boards/xmega_a3bu_xplained/init.o
 .debug_line    0x000039a4      0x439 src/fht.o
 .debug_line    0x00003ddd      0xa93 src/main.o

.debug_frame    0x00000000     0x1424
 *(.debug_frame)
 .debug_frame   0x00000000       0x8c src/ASF/xmega/drivers/adc/adc.o
 .debug_frame   0x0000008c      0xd04 src/ASF/xmega/drivers/tc/tc.o
 .debug_frame   0x00000d90       0xec src/complexToDecibel.o
 .debug_frame   0x00000e7c       0x84 src/windowing.o
 .debug_frame   0x00000f00      0x3a4 src/ASF/xmega/drivers/adc/xmega_aau/adc_aau.o
 .debug_frame   0x000012a4       0x64 src/ASF/common/services/clock/xmega/sysclk.o
 .debug_frame   0x00001308       0x30 src/ASF/common/services/ioport/xmega/ioport_compat.o
 .debug_frame   0x00001338       0x24 src/ASF/xmega/boards/xmega_a3bu_xplained/init.o
 .debug_frame   0x0000135c       0x84 src/fht.o
 .debug_frame   0x000013e0       0x44 src/main.o

.debug_str      0x00000000    0x2b1ad
 *(.debug_str)
 .debug_str     0x00000000    0x2827d src/ASF/xmega/drivers/adc/adc.o
                              0x2892f (size before relaxing)
 .debug_str     0x0002827d      0x987 src/ASF/xmega/drivers/tc/tc.o
                              0x289c4 (size before relaxing)
 .debug_str     0x00028c04      0x12e src/complexToDecibel.o
                              0x1a9e5 (size before relaxing)
 .debug_str     0x00028d32       0x4d src/windowing.o
                              0x1a9da (size before relaxing)
 .debug_str     0x00028d7f      0x59e src/ASF/xmega/drivers/adc/xmega_aau/adc_aau.o
                              0x28b8e (size before relaxing)
 .debug_str     0x0002931d       0x35 src/ASF/common/services/sleepmgr/xmega/sleepmgr.o
                              0x25bea (size before relaxing)
 .debug_str     0x00029352      0x270 src/ASF/common/services/clock/xmega/sysclk.o
                              0x27f03 (size before relaxing)
 .debug_str     0x000295c2      0x683 src/ASF/common/services/ioport/xmega/ioport_compat.o
                              0x25db6 (size before relaxing)
 .debug_str     0x00029c45      0x226 src/ASF/xmega/boards/xmega_a3bu_xplained/init.o
                              0x2783b (size before relaxing)
 .debug_str     0x00029e6b       0x8b src/fht.o
                              0x1aa09 (size before relaxing)
 .debug_str     0x00029ef6     0x12b7 src/main.o
                              0x2a8b0 (size before relaxing)

.debug_loc      0x00000000     0x411e
 *(.debug_loc)
 .debug_loc     0x00000000      0x216 src/ASF/xmega/drivers/adc/adc.o
 .debug_loc     0x00000216     0x1ec6 src/ASF/xmega/drivers/tc/tc.o
 .debug_loc     0x000020dc      0x47a src/complexToDecibel.o
 .debug_loc     0x00002556      0x2fa src/windowing.o
 .debug_loc     0x00002850      0xd75 src/ASF/xmega/drivers/adc/xmega_aau/adc_aau.o
 .debug_loc     0x000035c5      0x235 src/ASF/common/services/clock/xmega/sysclk.o
 .debug_loc     0x000037fa       0x66 src/ASF/common/services/ioport/xmega/ioport_compat.o
 .debug_loc     0x00003860      0x547 src/fht.o
 .debug_loc     0x00003da7      0x377 src/main.o

.debug_macinfo
 *(.debug_macinfo)

.debug_weaknames
 *(.debug_weaknames)

.debug_funcnames
 *(.debug_funcnames)

.debug_typenames
 *(.debug_typenames)

.debug_varnames
 *(.debug_varnames)

.debug_pubtypes
 *(.debug_pubtypes)

.debug_ranges   0x00000000      0x340
 *(.debug_ranges)
 .debug_ranges  0x00000000       0x38 src/ASF/xmega/drivers/adc/adc.o
 .debug_ranges  0x00000038      0x168 src/ASF/xmega/drivers/tc/tc.o
 .debug_ranges  0x000001a0       0x58 src/complexToDecibel.o
 .debug_ranges  0x000001f8       0x18 src/windowing.o
 .debug_ranges  0x00000210       0x68 src/ASF/xmega/drivers/adc/xmega_aau/adc_aau.o
 .debug_ranges  0x00000278       0x30 src/ASF/common/services/clock/xmega/sysclk.o
 .debug_ranges  0x000002a8       0x20 src/ASF/xmega/drivers/nvm/nvm_asm.o
 .debug_ranges  0x000002c8       0x10 src/ASF/common/services/ioport/xmega/ioport_compat.o
 .debug_ranges  0x000002d8       0x10 src/ASF/xmega/boards/xmega_a3bu_xplained/init.o
 .debug_ranges  0x000002e8       0x10 src/fht.o
 .debug_ranges  0x000002f8       0x48 src/main.o

.debug_macro    0x00000000     0xa93b
 *(.debug_macro)
 .debug_macro   0x00000000      0x22f src/ASF/xmega/drivers/adc/adc.o
 .debug_macro   0x0000022f      0xa78 src/ASF/xmega/drivers/adc/adc.o
 .debug_macro   0x00000ca7       0x10 src/ASF/xmega/drivers/adc/adc.o
 .debug_macro   0x00000cb7      0x1ad src/ASF/xmega/drivers/adc/adc.o
 .debug_macro   0x00000e64      0x293 src/ASF/xmega/drivers/adc/adc.o
 .debug_macro   0x000010f7       0x9e src/ASF/xmega/drivers/adc/adc.o
 .debug_macro   0x00001195     0x5cc8 src/ASF/xmega/drivers/adc/adc.o
 .debug_macro   0x00006e5d       0x9a src/ASF/xmega/drivers/adc/adc.o
 .debug_macro   0x00006ef7       0xf1 src/ASF/xmega/drivers/adc/adc.o
 .debug_macro   0x00006fe8       0x34 src/ASF/xmega/drivers/adc/adc.o
 .debug_macro   0x0000701c       0x10 src/ASF/xmega/drivers/adc/adc.o
 .debug_macro   0x0000702c       0x18 src/ASF/xmega/drivers/adc/adc.o
 .debug_macro   0x00007044       0x5e src/ASF/xmega/drivers/adc/adc.o
 .debug_macro   0x000070a2       0x10 src/ASF/xmega/drivers/adc/adc.o
 .debug_macro   0x000070b2       0x22 src/ASF/xmega/drivers/adc/adc.o
 .debug_macro   0x000070d4      0x166 src/ASF/xmega/drivers/adc/adc.o
 .debug_macro   0x0000723a       0x1c src/ASF/xmega/drivers/adc/adc.o
 .debug_macro   0x00007256       0x35 src/ASF/xmega/drivers/adc/adc.o
 .debug_macro   0x0000728b       0x66 src/ASF/xmega/drivers/adc/adc.o
 .debug_macro   0x000072f1      0x4d1 src/ASF/xmega/drivers/adc/adc.o
 .debug_macro   0x000077c2       0x97 src/ASF/xmega/drivers/adc/adc.o
 .debug_macro   0x00007859       0x17 src/ASF/xmega/drivers/adc/adc.o
 .debug_macro   0x00007870      0x250 src/ASF/xmega/drivers/adc/adc.o
 .debug_macro   0x00007ac0       0x76 src/ASF/xmega/drivers/adc/adc.o
 .debug_macro   0x00007b36       0x16 src/ASF/xmega/drivers/adc/adc.o
 .debug_macro   0x00007b4c      0x6e3 src/ASF/xmega/drivers/adc/adc.o
 .debug_macro   0x0000822f       0x10 src/ASF/xmega/drivers/adc/adc.o
 .debug_macro   0x0000823f      0x175 src/ASF/xmega/drivers/adc/adc.o
 .debug_macro   0x000083b4       0x40 src/ASF/xmega/drivers/adc/adc.o
 .debug_macro   0x000083f4       0x69 src/ASF/xmega/drivers/adc/adc.o
 .debug_macro   0x0000845d       0x32 src/ASF/xmega/drivers/adc/adc.o
 .debug_macro   0x0000848f       0xe4 src/ASF/xmega/drivers/adc/adc.o
 .debug_macro   0x00008573       0x10 src/ASF/xmega/drivers/adc/adc.o
 .debug_macro   0x00008583       0x20 src/ASF/xmega/drivers/adc/adc.o
 .debug_macro   0x000085a3       0x10 src/ASF/xmega/drivers/adc/adc.o
 .debug_macro   0x000085b3       0x5e src/ASF/xmega/drivers/adc/adc.o
 .debug_macro   0x00008611       0x22 src/ASF/xmega/drivers/adc/adc.o
 .debug_macro   0x00008633      0x248 src/ASF/xmega/drivers/adc/adc.o
 .debug_macro   0x0000887b      0x303 src/ASF/xmega/drivers/adc/adc.o
 .debug_macro   0x00008b7e       0x7d src/ASF/xmega/drivers/adc/adc.o
 .debug_macro   0x00008bfb       0x2f src/ASF/xmega/drivers/adc/adc.o
 .debug_macro   0x00008c2a      0x154 src/ASF/xmega/drivers/adc/adc.o
 .debug_macro   0x00008d7e       0xc7 src/ASF/xmega/drivers/adc/adc.o
 .debug_macro   0x00008e45      0x225 src/ASF/xmega/drivers/tc/tc.o
 .debug_macro   0x0000906a      0x299 src/ASF/xmega/drivers/tc/tc.o
 .debug_macro   0x00009303       0x12 src/ASF/xmega/drivers/tc/tc.o
 .debug_macro   0x00009315       0xf5 src/complexToDecibel.o
 .debug_macro   0x0000940a       0x22 src/complexToDecibel.o
 .debug_macro   0x0000942c       0x89 src/complexToDecibel.o
 .debug_macro   0x000094b5      0x181 src/complexToDecibel.o
 .debug_macro   0x00009636       0x16 src/complexToDecibel.o
 .debug_macro   0x0000964c       0xf5 src/windowing.o
 .debug_macro   0x00009741      0x22f src/ASF/xmega/drivers/adc/xmega_aau/adc_aau.o
 .debug_macro   0x00009970      0x1a3 src/ASF/common/services/sleepmgr/xmega/sleepmgr.o
 .debug_macro   0x00009b13      0x1db src/ASF/common/services/clock/xmega/sysclk.o
 .debug_macro   0x00009cee       0x26 src/ASF/common/services/clock/xmega/sysclk.o
 .debug_macro   0x00009d14      0x193 src/ASF/common/services/ioport/xmega/ioport_compat.o
 .debug_macro   0x00009ea7       0x82 src/ASF/common/services/ioport/xmega/ioport_compat.o
 .debug_macro   0x00009f29      0x109 src/ASF/common/services/ioport/xmega/ioport_compat.o
 .debug_macro   0x0000a032      0x1b5 src/ASF/xmega/boards/xmega_a3bu_xplained/init.o
 .debug_macro   0x0000a1e7       0x2e src/ASF/xmega/boards/xmega_a3bu_xplained/init.o
 .debug_macro   0x0000a215      0x242 src/ASF/xmega/boards/xmega_a3bu_xplained/init.o
 .debug_macro   0x0000a457       0xfb src/fht.o
 .debug_macro   0x0000a552      0x359 src/main.o
 .debug_macro   0x0000a8ab       0x34 src/main.o
 .debug_macro   0x0000a8df       0x40 src/main.o
 .debug_macro   0x0000a91f       0x1c src/main.o
OUTPUT(XMEGA-A3BU_FFT_plain_C.elf elf32-avr)
LOAD linker stubs

.BOOT           0x00040000        0x0
