Archive member included because of file (symbol)

e:/programs/atmel toolchain/avr8 gcc/native/3.4.1061/avr8-gnu-toolchain/bin/../lib/gcc/avr/4.8.1/avrxmega6\libgcc.a(_mulsi3.o)
                              src/fht.o (__mulsi3)
e:/programs/atmel toolchain/avr8 gcc/native/3.4.1061/avr8-gnu-toolchain/bin/../lib/gcc/avr/4.8.1/avrxmega6\libgcc.a(_exit.o)
                              e:/programs/atmel toolchain/avr8 gcc/native/3.4.1061/avr8-gnu-toolchain/bin/../lib/gcc/avr/4.8.1/../../../../avr/lib/avrxmega6/crtx256a3bu.o (exit)
e:/programs/atmel toolchain/avr8 gcc/native/3.4.1061/avr8-gnu-toolchain/bin/../lib/gcc/avr/4.8.1/avrxmega6\libgcc.a(_copy_data.o)
                              src/ASF/common/services/sleepmgr/xmega/sleepmgr.o (__do_copy_data)
e:/programs/atmel toolchain/avr8 gcc/native/3.4.1061/avr8-gnu-toolchain/bin/../lib/gcc/avr/4.8.1/avrxmega6\libgcc.a(_clear_bss.o)
                              src/ASF/xmega/drivers/adc/adc.o (__do_clear_bss)
e:/programs/atmel toolchain/avr8 gcc/native/3.4.1061/avr8-gnu-toolchain/bin/../lib/gcc/avr/4.8.1/avrxmega6\libgcc.a(_mulhisi3.o)
                              src/complexToDecibel.o (__mulhisi3)
e:/programs/atmel toolchain/avr8 gcc/native/3.4.1061/avr8-gnu-toolchain/bin/../lib/gcc/avr/4.8.1/avrxmega6\libgcc.a(_umulhisi3.o)
                              e:/programs/atmel toolchain/avr8 gcc/native/3.4.1061/avr8-gnu-toolchain/bin/../lib/gcc/avr/4.8.1/avrxmega6\libgcc.a(_mulhisi3.o) (__umulhisi3)
e:/programs/atmel toolchain/avr8 gcc/native/3.4.1061/avr8-gnu-toolchain/bin/../lib/gcc/avr/4.8.1/avrxmega6\libgcc.a(_usmulhisi3.o)
                              src/windowing.o (__usmulhisi3)
e:/programs/atmel toolchain/avr8 gcc/native/3.4.1061/avr8-gnu-toolchain/bin/../lib/gcc/avr/4.8.1/avrxmega6\libgcc.a(_muluhisi3.o)
                              src/complexToReal.o (__muluhisi3)
e:/programs/atmel toolchain/avr8 gcc/native/3.4.1061/avr8-gnu-toolchain/bin/../lib/gcc/avr/4.8.1/../../../../avr/lib/avrxmega6\libc.a(memcpy.o)
                              src/ASF/xmega/drivers/nvm/nvm.o (memcpy)

Allocating common symbols
Common symbol       size              file

adcb_callback       0x2               src/ASF/xmega/drivers/adc/adc.o
sleepmgr_locks      0x6               src/ASF/common/services/sleepmgr/xmega/sleepmgr.o
adca_callback       0x2               src/ASF/xmega/drivers/adc/adc.o

Discarded input sections

 .data          0x00000000        0x0 e:/programs/atmel toolchain/avr8 gcc/native/3.4.1061/avr8-gnu-toolchain/bin/../lib/gcc/avr/4.8.1/../../../../avr/lib/avrxmega6/crtx256a3bu.o
 .bss           0x00000000        0x0 e:/programs/atmel toolchain/avr8 gcc/native/3.4.1061/avr8-gnu-toolchain/bin/../lib/gcc/avr/4.8.1/../../../../avr/lib/avrxmega6/crtx256a3bu.o
 .group         0x00000000        0x8 src/ASF/xmega/drivers/adc/adc.o
 .group         0x00000000        0x8 src/ASF/xmega/drivers/adc/adc.o
 .group         0x00000000        0x8 src/ASF/xmega/drivers/adc/adc.o
 .group         0x00000000        0x8 src/ASF/xmega/drivers/adc/adc.o
 .group         0x00000000        0x8 src/ASF/xmega/drivers/adc/adc.o
 .group         0x00000000        0x8 src/ASF/xmega/drivers/adc/adc.o
 .group         0x00000000        0x8 src/ASF/xmega/drivers/adc/adc.o
 .group         0x00000000        0x8 src/ASF/xmega/drivers/adc/adc.o
 .group         0x00000000        0x8 src/ASF/xmega/drivers/adc/adc.o
 .group         0x00000000        0x8 src/ASF/xmega/drivers/adc/adc.o
 .group         0x00000000        0x8 src/ASF/xmega/drivers/adc/adc.o
 .group         0x00000000        0x8 src/ASF/xmega/drivers/adc/adc.o
 .group         0x00000000        0x8 src/ASF/xmega/drivers/adc/adc.o
 .group         0x00000000        0x8 src/ASF/xmega/drivers/adc/adc.o
 .group         0x00000000        0x8 src/ASF/xmega/drivers/adc/adc.o
 .group         0x00000000        0x8 src/ASF/xmega/drivers/adc/adc.o
 .group         0x00000000        0x8 src/ASF/xmega/drivers/adc/adc.o
 .group         0x00000000        0x8 src/ASF/xmega/drivers/adc/adc.o
 .group         0x00000000        0x8 src/ASF/xmega/drivers/adc/adc.o
 .group         0x00000000        0x8 src/ASF/xmega/drivers/adc/adc.o
 .group         0x00000000        0x8 src/ASF/xmega/drivers/adc/adc.o
 .group         0x00000000        0x8 src/ASF/xmega/drivers/adc/adc.o
 .group         0x00000000        0x8 src/ASF/xmega/drivers/adc/adc.o
 .group         0x00000000        0x8 src/ASF/xmega/drivers/adc/adc.o
 .group         0x00000000        0x8 src/ASF/xmega/drivers/adc/adc.o
 .group         0x00000000        0x8 src/ASF/xmega/drivers/adc/adc.o
 .group         0x00000000        0x8 src/ASF/xmega/drivers/adc/adc.o
 .group         0x00000000        0x8 src/ASF/xmega/drivers/adc/adc.o
 .group         0x00000000        0x8 src/ASF/xmega/drivers/adc/adc.o
 .group         0x00000000        0x8 src/ASF/xmega/drivers/adc/adc.o
 .group         0x00000000        0x8 src/ASF/xmega/drivers/adc/adc.o
 .group         0x00000000        0x8 src/ASF/xmega/drivers/adc/adc.o
[...]
Memory Configuration

Name             Origin             Length             Attributes
text             0x00000000         0x00100000         xr
data             0x00802000         0x0000ffa0         rw !x
eeprom           0x00810000         0x00010000         rw !x
fuse             0x00820000         0x00000400         rw !x
lock             0x00830000         0x00000400         rw !x
signature        0x00840000         0x00000400         rw !x
user_signatures  0x00850000         0x00000400         rw !x
*default*        0x00000000         0xffffffff

Linker script and memory map

LOAD e:/programs/atmel toolchain/avr8 gcc/native/3.4.1061/avr8-gnu-toolchain/bin/../lib/gcc/avr/4.8.1/../../../../avr/lib/avrxmega6/crtx256a3bu.o
LOAD src/ASF/xmega/drivers/adc/adc.o
LOAD src/complexToDecibel.o
LOAD src/complexToReal.o
LOAD src/fhtDebug.o
LOAD src/windowing.o
LOAD src/ASF/xmega/drivers/adc/xmega_aau/adc_aau.o
LOAD src/ASF/common/services/sleepmgr/xmega/sleepmgr.o
LOAD src/ASF/common/services/clock/xmega/sysclk.o
LOAD src/ASF/xmega/drivers/nvm/nvm.o
LOAD src/ASF/xmega/drivers/nvm/nvm_asm.o
LOAD src/ASF/xmega/drivers/cpu/ccp.o
LOAD src/ASF/common/services/ioport/xmega/ioport_compat.o
LOAD src/ASF/xmega/boards/xmega_a3bu_xplained/init.o
LOAD src/fht.o
LOAD src/generateTables.o
LOAD src/main.o
START GROUP
LOAD e:/programs/atmel toolchain/avr8 gcc/native/3.4.1061/avr8-gnu-toolchain/bin/../lib/gcc/avr/4.8.1/../../../../avr/lib/avrxmega6\libm.a
END GROUP
Address of section .BOOT set to 0x40000
START GROUP
LOAD e:/programs/atmel toolchain/avr8 gcc/native/3.4.1061/avr8-gnu-toolchain/bin/../lib/gcc/avr/4.8.1/avrxmega6\libgcc.a
LOAD e:/programs/atmel toolchain/avr8 gcc/native/3.4.1061/avr8-gnu-toolchain/bin/../lib/gcc/avr/4.8.1/../../../../avr/lib/avrxmega6\libm.a
LOAD e:/programs/atmel toolchain/avr8 gcc/native/3.4.1061/avr8-gnu-toolchain/bin/../lib/gcc/avr/4.8.1/../../../../avr/lib/avrxmega6\libc.a
END GROUP

.hash
 *(.hash)

.dynsym
 *(.dynsym)

.dynstr
 *(.dynstr)

.gnu.version
 *(.gnu.version)

.gnu.version_d
 *(.gnu.version_d)

.gnu.version_r
 *(.gnu.version_r)

.rel.init
 *(.rel.init)

.rela.init
 *(.rela.init)

.rel.text
 *(.rel.text)
 *(.rel.text.*)
 *(.rel.gnu.linkonce.t*)

.rela.text
 *(.rela.text)
 *(.rela.text.*)
 *(.rela.gnu.linkonce.t*)

.rel.fini
 *(.rel.fini)

.rela.fini
 *(.rela.fini)

.rel.rodata
 *(.rel.rodata)
 *(.rel.rodata.*)
 *(.rel.gnu.linkonce.r*)

.rela.rodata
 *(.rela.rodata)
 *(.rela.rodata.*)
 *(.rela.gnu.linkonce.r*)

.rel.data
 *(.rel.data)
 *(.rel.data.*)
 *(.rel.gnu.linkonce.d*)

.rela.data
 *(.rela.data)
 *(.rela.data.*)
 *(.rela.gnu.linkonce.d*)

.rel.ctors
 *(.rel.ctors)

.rela.ctors
 *(.rela.ctors)

.rel.dtors
 *(.rel.dtors)

.rela.dtors
 *(.rela.dtors)

.rel.got
 *(.rel.got)

.rela.got
 *(.rela.got)

.rel.bss
 *(.rel.bss)

.rela.bss
 *(.rela.bss)

.rel.plt
 *(.rel.plt)

.rela.plt
 *(.rela.plt)

.text           0x00000000     0x134c
 *(.vectors)
 .vectors       0x00000000      0x1fc e:/programs/atmel toolchain/avr8 gcc/native/3.4.1061/avr8-gnu-toolchain/bin/../lib/gcc/avr/4.8.1/../../../../avr/lib/avrxmega6/crtx256a3bu.o
                0x00000000                __vector_default
                0x00000000                __vectors
 *(.vectors)
 *(.progmem.gcc*)
                0x000001fc                . = ALIGN (0x2)
                0x000001fc                __trampolines_start = .
 *(.trampolines)
 .trampolines   0x000001fc        0x0 linker stubs
 *(.trampolines*)
                0x000001fc                __trampolines_end = .
 *(.progmem*)
 .progmem.data.dbMap
                0x000001fc       0x80 src/complexToDecibel.o
                0x000001fc                dbMap
 .progmem.data.hannTable
                0x0000027c      0x100 src/windowing.o
                0x0000027c                hannTable
                0x0000037c                . = ALIGN (0x2)
 *(.jumptables)
 *(.jumptables*)
 *(.lowtext)
 *(.lowtext*)
                0x0000037c                __ctors_start = .
 *(.ctors)
                0x0000037c                __ctors_end = .
                0x0000037c                __dtors_start = .
 *(.dtors)
                0x0000037c                __dtors_end = .
 SORT(*)(.ctors)
 SORT(*)(.dtors)
 *(.init0)
 .init0         0x0000037c        0x0 e:/programs/atmel toolchain/avr8 gcc/native/3.4.1061/avr8-gnu-toolchain/bin/../lib/gcc/avr/4.8.1/../../../../avr/lib/avrxmega6/crtx256a3bu.o
                0x0000037c                __init
 *(.init0)
 *(.init1)
 *(.init1)
 *(.init2)
 .init2         0x0000037c       0x10 e:/programs/atmel toolchain/avr8 gcc/native/3.4.1061/avr8-gnu-toolchain/bin/../lib/gcc/avr/4.8.1/../../../../avr/lib/avrxmega6/crtx256a3bu.o
 *(.init2)
 *(.init3)
 *(.init3)
 *(.init4)
 .init4         0x0000038c       0x1a e:/programs/atmel toolchain/avr8 gcc/native/3.4.1061/avr8-gnu-toolchain/bin/../lib/gcc/avr/4.8.1/avrxmega6\libgcc.a(_copy_data.o)
                0x0000038c                __do_copy_data
 .init4         0x000003a6       0x10 e:/programs/atmel toolchain/avr8 gcc/native/3.4.1061/avr8-gnu-toolchain/bin/../lib/gcc/avr/4.8.1/avrxmega6\libgcc.a(_clear_bss.o)
                0x000003a6                __do_clear_bss
 *(.init4)
 *(.init5)
 *(.init5)
 *(.init6)
 *(.init6)
 *(.init7)
 *(.init7)
 *(.init8)
 *(.init8)
 *(.init9)
 .init9         0x000003b6        0x4 e:/programs/atmel toolchain/avr8 gcc/native/3.4.1061/avr8-gnu-toolchain/bin/../lib/gcc/avr/4.8.1/../../../../avr/lib/avrxmega6/crtx256a3bu.o
 *(.init9)
 *(.text)
 .text          0x000003ba        0x2 e:/programs/atmel toolchain/avr8 gcc/native/3.4.1061/avr8-gnu-toolchain/bin/../lib/gcc/avr/4.8.1/../../../../avr/lib/avrxmega6/crtx256a3bu.o
                0x000003ba                __vector_38
                0x000003ba                __vector_104
                0x000003ba                __vector_22
                0x000003ba                __vector_63
                0x000003ba                __vector_28
                0x000003ba                __vector_67
                0x000003ba                __vector_1
                0x000003ba                __vector_119
                0x000003ba                __vector_32
                0x000003ba                __vector_75
                0x000003ba                __vector_91
                0x000003ba                __vector_34
                0x000003ba                __vector_62
                0x000003ba                __vector_77
                0x000003ba                __vector_102
                0x000003ba                __vector_24
                0x000003ba                __vector_12
                0x000003ba                __vector_55
                0x000003ba                __vector_69
                0x000003ba                __vector_81
                0x000003ba                __vector_90
                0x000003ba                __vector_46
                0x000003ba                __bad_interrupt
                0x000003ba                __vector_122
                0x000003ba                __vector_114
                0x000003ba                __vector_6
                0x000003ba                __vector_110
                0x000003ba                __vector_31
                0x000003ba                __vector_92
                0x000003ba                __vector_35
                0x000003ba                __vector_78
                0x000003ba                __vector_117
                0x000003ba                __vector_107
                0x000003ba                __vector_3
                0x000003ba                __vector_105
                0x000003ba                __vector_98
                0x000003ba                __vector_23
                0x000003ba                __vector_68
                0x000003ba                __vector_30
                0x000003ba                __vector_45
                0x000003ba                __vector_25
                0x000003ba                __vector_93
                0x000003ba                __vector_61
                0x000003ba                __vector_11
                0x000003ba                __vector_54
                0x000003ba                __vector_99
                0x000003ba                __vector_13
                0x000003ba                __vector_17
                0x000003ba                __vector_19
                0x000003ba                __vector_56
                0x000003ba                __vector_7
                0x000003ba                __vector_125
                0x000003ba                __vector_49
                0x000003ba                __vector_123
                0x000003ba                __vector_86
                0x000003ba                __vector_100
                0x000003ba                __vector_101
                0x000003ba                __vector_64
                0x000003ba                __vector_88
                0x000003ba                __vector_109
                0x000003ba                __vector_43
                0x000003ba                __vector_27
                0x000003ba                __vector_5
                0x000003ba                __vector_113
                0x000003ba                __vector_33
                0x000003ba                __vector_76
                0x000003ba                __vector_115
                0x000003ba                __vector_47
                0x000003ba                __vector_52
                0x000003ba                __vector_37
                0x000003ba                __vector_95
                0x000003ba                __vector_103
                0x000003ba                __vector_96
                0x000003ba                __vector_89
                0x000003ba                __vector_108
                0x000003ba                __vector_4
                0x000003ba                __vector_44
                0x000003ba                __vector_82
                0x000003ba                __vector_106
                0x000003ba                __vector_118
                0x000003ba                __vector_51
                0x000003ba                __vector_9
                0x000003ba                __vector_2
                0x000003ba                __vector_21
                0x000003ba                __vector_15
                0x000003ba                __vector_66
                0x000003ba                __vector_36
                0x000003ba                __vector_79
                0x000003ba                __vector_58
                0x000003ba                __vector_70
                0x000003ba                __vector_83
                0x000003ba                __vector_29
                0x000003ba                __vector_60
                0x000003ba                __vector_121
                0x000003ba                __vector_85
                0x000003ba                __vector_94
                0x000003ba                __vector_126
                0x000003ba                __vector_8
                0x000003ba                __vector_26
                0x000003ba                __vector_48
                0x000003ba                __vector_124
                0x000003ba                __vector_116
                0x000003ba                __vector_112
                0x000003ba                __vector_111
                0x000003ba                __vector_80
                0x000003ba                __vector_14
                0x000003ba                __vector_84
                0x000003ba                __vector_57
                0x000003ba                __vector_53
                0x000003ba                __vector_10
                0x000003ba                __vector_50
                0x000003ba                __vector_16
                0x000003ba                __vector_59
                0x000003ba                __vector_18
                0x000003ba                __vector_97
                0x000003ba                __vector_20
                0x000003ba                __vector_87
                0x000003ba                __vector_65
                0x000003ba                __vector_120
                0x000003bc                . = ALIGN (0x2)
 *(.text.*)
 .text.adc_enable_clock
                0x000003bc       0x3e src/ASF/xmega/drivers/adc/adc.o
                0x000003bc                adc_enable_clock
 .text.adc_disable_clock
                0x000003fa       0x3a src/ASF/xmega/drivers/adc/adc.o
                0x000003fa                adc_disable_clock
 .text.adc_enable
                0x00000434       0x2e src/ASF/xmega/drivers/adc/adc.o
                0x00000434                adc_enable
 .text.complexToDecibel
                0x00000462      0x110 src/complexToDecibel.o
                0x00000462                complexToDecibel
 .text.applyHannWindow
                0x00000572       0xac src/windowing.o
                0x00000572                applyHannWindow
 .text.__vector_71
                0x0000061e       0x64 src/ASF/xmega/drivers/adc/xmega_aau/adc_aau.o
                0x0000061e                __vector_71
 .text.__vector_72
                0x00000682       0x64 src/ASF/xmega/drivers/adc/xmega_aau/adc_aau.o
                0x00000682                __vector_72
 .text.__vector_73
                0x000006e6       0x64 src/ASF/xmega/drivers/adc/xmega_aau/adc_aau.o
                0x000006e6                __vector_73
 .text.__vector_74
                0x0000074a       0x64 src/ASF/xmega/drivers/adc/xmega_aau/adc_aau.o
                0x0000074a                __vector_74
 .text.__vector_39
                0x000007ae       0x64 src/ASF/xmega/drivers/adc/xmega_aau/adc_aau.o
                0x000007ae                __vector_39
 .text.__vector_40
                0x00000812       0x64 src/ASF/xmega/drivers/adc/xmega_aau/adc_aau.o
                0x00000812                __vector_40
 .text.__vector_41
                0x00000876       0x64 src/ASF/xmega/drivers/adc/xmega_aau/adc_aau.o
                0x00000876                __vector_41
 .text.__vector_42
                0x000008da       0x64 src/ASF/xmega/drivers/adc/xmega_aau/adc_aau.o
                0x000008da                __vector_42
 .text.adc_write_configuration
                0x0000093e       0xa2 src/ASF/xmega/drivers/adc/xmega_aau/adc_aau.o
                0x0000093e                adc_write_configuration
 .text.adc_read_configuration
                0x000009e0       0x46 src/ASF/xmega/drivers/adc/xmega_aau/adc_aau.o
                0x000009e0                adc_read_configuration
 .text.adcch_write_configuration
                0x00000a26       0x72 src/ASF/xmega/drivers/adc/xmega_aau/adc_aau.o
                0x00000a26                adcch_write_configuration
 .text.adcch_read_configuration
                0x00000a98       0x74 src/ASF/xmega/drivers/adc/xmega_aau/adc_aau.o
                0x00000a98                adcch_read_configuration
 .text.sysclk_init
                0x00000b0c       0x20 src/ASF/common/services/clock/xmega/sysclk.o
                0x00000b0c                sysclk_init
 .text.sysclk_enable_module
                0x00000b2c       0x18 src/ASF/common/services/clock/xmega/sysclk.o
                0x00000b2c                sysclk_enable_module
 .text.sysclk_disable_module
                0x00000b44       0x16 src/ASF/common/services/clock/xmega/sysclk.o
                0x00000b44                sysclk_disable_module
 .text.nvm_read_byte
                0x00000b5a       0x14 src/ASF/xmega/drivers/nvm/nvm_asm.o
                0x00000b5a                nvm_read_byte
 .text.ioport_configure_port_pin
                0x00000b6e       0x50 src/ASF/common/services/ioport/xmega/ioport_compat.o
                0x00000b6e                ioport_configure_port_pin
 .text.board_init
                0x00000bbe      0x13a src/ASF/xmega/boards/xmega_a3bu_xplained/init.o
                0x00000bbe                board_init
 .text.fhtDitInt
                0x00000cf8      0x51e src/fht.o
                0x00000cf8                fhtDitInt
 .text.main     0x00001216       0xca src/main.o
                0x00001216                main
 .text.libgcc.mul
                0x000012e0       0x1e e:/programs/atmel toolchain/avr8 gcc/native/3.4.1061/avr8-gnu-toolchain/bin/../lib/gcc/avr/4.8.1/avrxmega6\libgcc.a(_mulsi3.o)
                0x000012e0                __mulsi3
 .text.libgcc.mul
                0x000012fe        0xc e:/programs/atmel toolchain/avr8 gcc/native/3.4.1061/avr8-gnu-toolchain/bin/../lib/gcc/avr/4.8.1/avrxmega6\libgcc.a(_mulhisi3.o)
                0x000012fe                __mulhisi3
 .text.libgcc.mul
                0x0000130a       0x1e e:/programs/atmel toolchain/avr8 gcc/native/3.4.1061/avr8-gnu-toolchain/bin/../lib/gcc/avr/4.8.1/avrxmega6\libgcc.a(_umulhisi3.o)
                0x0000130a                __umulhisi3
 .text.libgcc.mul
                0x00001328        0xc e:/programs/atmel toolchain/avr8 gcc/native/3.4.1061/avr8-gnu-toolchain/bin/../lib/gcc/avr/4.8.1/avrxmega6\libgcc.a(_usmulhisi3.o)
                0x00001328                __usmulhisi3
                0x0000132a                __usmulhisi3_tail
 .text.libgcc.mul
                0x00001334       0x14 e:/programs/atmel toolchain/avr8 gcc/native/3.4.1061/avr8-gnu-toolchain/bin/../lib/gcc/avr/4.8.1/avrxmega6\libgcc.a(_muluhisi3.o)
                0x00001334                __muluhisi3
                0x00001348                . = ALIGN (0x2)
 *(.fini9)
 .fini9         0x00001348        0x0 e:/programs/atmel toolchain/avr8 gcc/native/3.4.1061/avr8-gnu-toolchain/bin/../lib/gcc/avr/4.8.1/avrxmega6\libgcc.a(_exit.o)
                0x00001348                _exit
                0x00001348                exit
 *(.fini9)
 *(.fini8)
 *(.fini8)
 *(.fini7)
 *(.fini7)
 *(.fini6)
 *(.fini6)
 *(.fini5)
 *(.fini5)
 *(.fini4)
 *(.fini4)
 *(.fini3)
 *(.fini3)
 *(.fini2)
 *(.fini2)
 *(.fini1)
 *(.fini1)
 *(.fini0)
 .fini0         0x00001348        0x4 e:/programs/atmel toolchain/avr8 gcc/native/3.4.1061/avr8-gnu-toolchain/bin/../lib/gcc/avr/4.8.1/avrxmega6\libgcc.a(_exit.o)
 *(.fini0)
                0x0000134c                _etext = .

.data           0x00802000       0x20 load address 0x0000134c
                0x00802000                PROVIDE (__data_start, .)
 *(.data)
 *(.data*)
 *(.rodata)
 *(.rodata*)
 .rodata.sinTable
                0x00802000       0x10 src/fht.o
                0x00802000                sinTable
 .rodata.cosTable
                0x00802010       0x10 src/fht.o
                0x00802010                cosTable
 *(.gnu.linkonce.d*)
                0x00802020                . = ALIGN (0x2)
                0x00802020                _edata = .
                0x00802020                PROVIDE (__data_end, .)

.bss            0x00802020      0x20e
                0x00802020                PROVIDE (__bss_start, .)
 *(.bss)
 *(.bss*)
 .bss.adcb_enable_count
                0x00802020        0x1 src/ASF/xmega/drivers/adc/adc.o
 .bss.adca_enable_count
                0x00802021        0x1 src/ASF/xmega/drivers/adc/adc.o
 .bss.ADC_results.5200
                0x00802022      0x200 src/main.o
 .bss.i.5201    0x00802222        0x2 src/main.o
 *(COMMON)
 COMMON         0x00802224        0x4 src/ASF/xmega/drivers/adc/adc.o
                0x00802224                adcb_callback
                0x00802226                adca_callback
 COMMON         0x00802228        0x6 src/ASF/common/services/sleepmgr/xmega/sleepmgr.o
                0x00802228                sleepmgr_locks
                0x0080222e                PROVIDE (__bss_end, .)
                0x0000134c                __data_load_start = LOADADDR (.data)
                0x0000136c                __data_load_end = (__data_load_start + SIZEOF (.data))

.noinit         0x0080222e        0x0
                0x0080222e                PROVIDE (__noinit_start, .)
 *(.noinit*)
                0x0080222e                PROVIDE (__noinit_end, .)
                0x0080222e                _end = .
                0x0080222e                PROVIDE (__heap_start, .)

.eeprom         0x00810000        0x0
 *(.eeprom*)
                0x00810000                __eeprom_end = .

.fuse
 *(.fuse)
 *(.lfuse)
 *(.hfuse)
 *(.efuse)

.lock
 *(.lock*)

.signature
 *(.signature*)

.user_signatures
 *(.user_signatures*)

.stab
 *(.stab)

.stabstr
 *(.stabstr)

.stab.excl
 *(.stab.excl)

.stab.exclstr
 *(.stab.exclstr)

.stab.index
 *(.stab.index)

.stab.indexstr
 *(.stab.indexstr)

.comment        0x00000000       0x30
 *(.comment)
 .comment       0x00000000       0x30 src/ASF/xmega/drivers/adc/adc.o
                                 0x31 (size before relaxing)
 .comment       0x00000000       0x31 src/complexToDecibel.o
 .comment       0x00000000       0x31 src/windowing.o
 .comment       0x00000000       0x31 src/ASF/xmega/drivers/adc/xmega_aau/adc_aau.o
 .comment       0x00000000       0x31 src/ASF/common/services/sleepmgr/xmega/sleepmgr.o
 .comment       0x00000000       0x31 src/ASF/common/services/clock/xmega/sysclk.o
 .comment       0x00000000       0x31 src/ASF/common/services/ioport/xmega/ioport_compat.o
 .comment       0x00000000       0x31 src/ASF/xmega/boards/xmega_a3bu_xplained/init.o
 .comment       0x00000000       0x31 src/fht.o
 .comment       0x00000000       0x31 src/main.o

.note.gnu.build-id
 *(.note.gnu.build-id)

.debug
 *(.debug)

.line
 *(.line)

.debug_srcinfo
 *(.debug_srcinfo)

.debug_sfnames
 *(.debug_sfnames)

.debug_aranges  0x00000000      0x210
 *(.debug_aranges)
 .debug_aranges
                0x00000000       0x48 src/ASF/xmega/drivers/adc/adc.o
 .debug_aranges
                0x00000048       0x28 src/complexToDecibel.o
 .debug_aranges
                0x00000070       0x28 src/windowing.o
 .debug_aranges
                0x00000098       0x78 src/ASF/xmega/drivers/adc/xmega_aau/adc_aau.o
 .debug_aranges
                0x00000110       0x18 src/ASF/common/services/sleepmgr/xmega/sleepmgr.o
 .debug_aranges
                0x00000128       0x40 src/ASF/common/services/clock/xmega/sysclk.o
 .debug_aranges
                0x00000168       0x28 src/ASF/xmega/drivers/nvm/nvm_asm.o
 .debug_aranges
                0x00000190       0x20 src/ASF/common/services/ioport/xmega/ioport_compat.o
 .debug_aranges
                0x000001b0       0x20 src/ASF/xmega/boards/xmega_a3bu_xplained/init.o
 .debug_aranges
                0x000001d0       0x20 src/fht.o
 .debug_aranges
                0x000001f0       0x20 src/main.o

.debug_pubnames
 *(.debug_pubnames)

.debug_info     0x00000000     0x41a7
 *(.debug_info .gnu.linkonce.wi.*)
 .debug_info    0x00000000      0xaad src/ASF/xmega/drivers/adc/adc.o
 .debug_info    0x00000aad      0x1be src/complexToDecibel.o
 .debug_info    0x00000c6b      0x224 src/windowing.o
 .debug_info    0x00000e8f      0xec2 src/ASF/xmega/drivers/adc/xmega_aau/adc_aau.o
 .debug_info    0x00001d51      0x121 src/ASF/common/services/sleepmgr/xmega/sleepmgr.o
 .debug_info    0x00001e72      0x705 src/ASF/common/services/clock/xmega/sysclk.o
 .debug_info    0x00002577       0x9a src/ASF/xmega/drivers/nvm/nvm_asm.o
 .debug_info    0x00002611      0x11d src/ASF/common/services/ioport/xmega/ioport_compat.o
 .debug_info    0x0000272e      0xa6d src/ASF/xmega/boards/xmega_a3bu_xplained/init.o
 .debug_info    0x0000319b      0x1c1 src/fht.o
 .debug_info    0x0000335c      0xe4b src/main.o

.debug_abbrev   0x00000000      0xff6
 *(.debug_abbrev)
 .debug_abbrev  0x00000000      0x2b9 src/ASF/xmega/drivers/adc/adc.o
 .debug_abbrev  0x000002b9       0xbd src/complexToDecibel.o
 .debug_abbrev  0x00000376       0xd9 src/windowing.o
 .debug_abbrev  0x0000044f      0x32a src/ASF/xmega/drivers/adc/xmega_aau/adc_aau.o
 .debug_abbrev  0x00000779       0x80 src/ASF/common/services/sleepmgr/xmega/sleepmgr.o
 .debug_abbrev  0x000007f9      0x25b src/ASF/common/services/clock/xmega/sysclk.o
 .debug_abbrev  0x00000a54       0x12 src/ASF/xmega/drivers/nvm/nvm_asm.o
 .debug_abbrev  0x00000a66       0x93 src/ASF/common/services/ioport/xmega/ioport_compat.o
 .debug_abbrev  0x00000af9      0x160 src/ASF/xmega/boards/xmega_a3bu_xplained/init.o
 .debug_abbrev  0x00000c59       0xc3 src/fht.o
 .debug_abbrev  0x00000d1c      0x2da src/main.o

.debug_line     0x00000000     0x36bb
 *(.debug_line .debug_line.* .debug_line_end)
 .debug_line    0x00000000      0x731 src/ASF/xmega/drivers/adc/adc.o
 .debug_line    0x00000731      0x36d src/complexToDecibel.o
 .debug_line    0x00000a9e      0x31e src/windowing.o
 .debug_line    0x00000dbc      0x917 src/ASF/xmega/drivers/adc/xmega_aau/adc_aau.o
 .debug_line    0x000016d3      0x3ff src/ASF/common/services/sleepmgr/xmega/sleepmgr.o
 .debug_line    0x00001ad2      0x5b0 src/ASF/common/services/clock/xmega/sysclk.o
 .debug_line    0x00002082      0x11f src/ASF/xmega/drivers/nvm/nvm_asm.o
 .debug_line    0x000021a1      0x45c src/ASF/common/services/ioport/xmega/ioport_compat.o
 .debug_line    0x000025fd      0x487 src/ASF/xmega/boards/xmega_a3bu_xplained/init.o
 .debug_line    0x00002a84      0x439 src/fht.o
 .debug_line    0x00002ebd      0x7fe src/main.o

.debug_frame    0x00000000      0x710
 *(.debug_frame)
 .debug_frame   0x00000000       0x8c src/ASF/xmega/drivers/adc/adc.o
 .debug_frame   0x0000008c       0xec src/complexToDecibel.o
 .debug_frame   0x00000178       0x84 src/windowing.o
 .debug_frame   0x000001fc      0x3a4 src/ASF/xmega/drivers/adc/xmega_aau/adc_aau.o
 .debug_frame   0x000005a0       0x64 src/ASF/common/services/clock/xmega/sysclk.o
 .debug_frame   0x00000604       0x30 src/ASF/common/services/ioport/xmega/ioport_compat.o
 .debug_frame   0x00000634       0x24 src/ASF/xmega/boards/xmega_a3bu_xplained/init.o
 .debug_frame   0x00000658       0x84 src/fht.o
 .debug_frame   0x000006dc       0x34 src/main.o

.debug_str      0x00000000    0x2a2fe
 *(.debug_str)
 .debug_str     0x00000000    0x28274 src/ASF/xmega/drivers/adc/adc.o
                              0x28914 (size before relaxing)
 .debug_str     0x00028274      0x199 src/complexToDecibel.o
                              0x1a9e5 (size before relaxing)
 .debug_str     0x0002840d       0x4d src/windowing.o
                              0x1a9da (size before relaxing)
 .debug_str     0x0002845a      0x596 src/ASF/xmega/drivers/adc/xmega_aau/adc_aau.o
                              0x28b73 (size before relaxing)
 .debug_str     0x000289f0       0x35 src/ASF/common/services/sleepmgr/xmega/sleepmgr.o
                              0x25bd0 (size before relaxing)
 .debug_str     0x00028a25      0x270 src/ASF/common/services/clock/xmega/sysclk.o
                              0x27ee8 (size before relaxing)
 .debug_str     0x00028c95      0x683 src/ASF/common/services/ioport/xmega/ioport_compat.o
                              0x25d9c (size before relaxing)
 .debug_str     0x00029318      0x234 src/ASF/xmega/boards/xmega_a3bu_xplained/init.o
                              0x27821 (size before relaxing)
 .debug_str     0x0002954c       0x8b src/fht.o
                              0x1aa09 (size before relaxing)
 .debug_str     0x000295d7      0xd27 src/main.o
                              0x29c0b (size before relaxing)

.debug_loc      0x00000000     0x1f0a
 *(.debug_loc)
 .debug_loc     0x00000000      0x216 src/ASF/xmega/drivers/adc/adc.o
 .debug_loc     0x00000216      0x47a src/complexToDecibel.o
 .debug_loc     0x00000690      0x2fa src/windowing.o
 .debug_loc     0x0000098a      0xd75 src/ASF/xmega/drivers/adc/xmega_aau/adc_aau.o
 .debug_loc     0x000016ff      0x217 src/ASF/common/services/clock/xmega/sysclk.o
 .debug_loc     0x00001916       0x66 src/ASF/common/services/ioport/xmega/ioport_compat.o
 .debug_loc     0x0000197c      0x547 src/fht.o
 .debug_loc     0x00001ec3       0x47 src/main.o

.debug_macinfo
 *(.debug_macinfo)

.debug_weaknames
 *(.debug_weaknames)

.debug_funcnames
 *(.debug_funcnames)

.debug_typenames
 *(.debug_typenames)

.debug_varnames
 *(.debug_varnames)

.debug_pubtypes
 *(.debug_pubtypes)

.debug_ranges   0x00000000      0x1a0
 *(.debug_ranges)
 .debug_ranges  0x00000000       0x38 src/ASF/xmega/drivers/adc/adc.o
 .debug_ranges  0x00000038       0x58 src/complexToDecibel.o
 .debug_ranges  0x00000090       0x18 src/windowing.o
 .debug_ranges  0x000000a8       0x68 src/ASF/xmega/drivers/adc/xmega_aau/adc_aau.o
 .debug_ranges  0x00000110       0x30 src/ASF/common/services/clock/xmega/sysclk.o
 .debug_ranges  0x00000140       0x20 src/ASF/xmega/drivers/nvm/nvm_asm.o
 .debug_ranges  0x00000160       0x10 src/ASF/common/services/ioport/xmega/ioport_compat.o
 .debug_ranges  0x00000170       0x10 src/ASF/xmega/boards/xmega_a3bu_xplained/init.o
 .debug_ranges  0x00000180       0x10 src/fht.o
 .debug_ranges  0x00000190       0x10 src/main.o

.debug_macro    0x00000000     0xa414
 *(.debug_macro)
 .debug_macro   0x00000000      0x22f src/ASF/xmega/drivers/adc/adc.o
 .debug_macro   0x0000022f      0xa78 src/ASF/xmega/drivers/adc/adc.o
 .debug_macro   0x00000ca7       0x10 src/ASF/xmega/drivers/adc/adc.o
 .debug_macro   0x00000cb7      0x1ad src/ASF/xmega/drivers/adc/adc.o
 .debug_macro   0x00000e64      0x293 src/ASF/xmega/drivers/adc/adc.o
 .debug_macro   0x000010f7       0x9e src/ASF/xmega/drivers/adc/adc.o
 .debug_macro   0x00001195     0x5cc8 src/ASF/xmega/drivers/adc/adc.o
 .debug_macro   0x00006e5d       0x9a src/ASF/xmega/drivers/adc/adc.o
 .debug_macro   0x00006ef7       0xf1 src/ASF/xmega/drivers/adc/adc.o
 .debug_macro   0x00006fe8       0x34 src/ASF/xmega/drivers/adc/adc.o
 .debug_macro   0x0000701c       0x10 src/ASF/xmega/drivers/adc/adc.o
 .debug_macro   0x0000702c       0x18 src/ASF/xmega/drivers/adc/adc.o
 .debug_macro   0x00007044       0x5e src/ASF/xmega/drivers/adc/adc.o
 .debug_macro   0x000070a2       0x10 src/ASF/xmega/drivers/adc/adc.o
 .debug_macro   0x000070b2       0x22 src/ASF/xmega/drivers/adc/adc.o
 .debug_macro   0x000070d4      0x166 src/ASF/xmega/drivers/adc/adc.o
 .debug_macro   0x0000723a       0x1c src/ASF/xmega/drivers/adc/adc.o
 .debug_macro   0x00007256       0x35 src/ASF/xmega/drivers/adc/adc.o
 .debug_macro   0x0000728b       0x66 src/ASF/xmega/drivers/adc/adc.o
 .debug_macro   0x000072f1      0x4d1 src/ASF/xmega/drivers/adc/adc.o
 .debug_macro   0x000077c2       0x97 src/ASF/xmega/drivers/adc/adc.o
 .debug_macro   0x00007859       0x17 src/ASF/xmega/drivers/adc/adc.o
 .debug_macro   0x00007870      0x250 src/ASF/xmega/drivers/adc/adc.o
 .debug_macro   0x00007ac0       0x76 src/ASF/xmega/drivers/adc/adc.o
 .debug_macro   0x00007b36       0x16 src/ASF/xmega/drivers/adc/adc.o
 .debug_macro   0x00007b4c      0x6e3 src/ASF/xmega/drivers/adc/adc.o
 .debug_macro   0x0000822f       0x10 src/ASF/xmega/drivers/adc/adc.o
 .debug_macro   0x0000823f      0x175 src/ASF/xmega/drivers/adc/adc.o
 .debug_macro   0x000083b4       0x40 src/ASF/xmega/drivers/adc/adc.o
 .debug_macro   0x000083f4       0x69 src/ASF/xmega/drivers/adc/adc.o
 .debug_macro   0x0000845d       0x32 src/ASF/xmega/drivers/adc/adc.o
 .debug_macro   0x0000848f       0xe4 src/ASF/xmega/drivers/adc/adc.o
 .debug_macro   0x00008573       0x10 src/ASF/xmega/drivers/adc/adc.o
 .debug_macro   0x00008583       0x20 src/ASF/xmega/drivers/adc/adc.o
 .debug_macro   0x000085a3       0x10 src/ASF/xmega/drivers/adc/adc.o
 .debug_macro   0x000085b3       0x5e src/ASF/xmega/drivers/adc/adc.o
 .debug_macro   0x00008611       0x22 src/ASF/xmega/drivers/adc/adc.o
 .debug_macro   0x00008633      0x248 src/ASF/xmega/drivers/adc/adc.o
 .debug_macro   0x0000887b      0x303 src/ASF/xmega/drivers/adc/adc.o
 .debug_macro   0x00008b7e       0x7d src/ASF/xmega/drivers/adc/adc.o
 .debug_macro   0x00008bfb       0x2f src/ASF/xmega/drivers/adc/adc.o
 .debug_macro   0x00008c2a      0x154 src/ASF/xmega/drivers/adc/adc.o
 .debug_macro   0x00008d7e       0xc7 src/ASF/xmega/drivers/adc/adc.o
 .debug_macro   0x00008e45       0xf5 src/complexToDecibel.o
 .debug_macro   0x00008f3a       0x22 src/complexToDecibel.o
 .debug_macro   0x00008f5c       0x89 src/complexToDecibel.o
 .debug_macro   0x00008fe5      0x181 src/complexToDecibel.o
 .debug_macro   0x00009166       0x16 src/complexToDecibel.o
 .debug_macro   0x0000917c       0xf5 src/windowing.o
 .debug_macro   0x00009271      0x22f src/ASF/xmega/drivers/adc/xmega_aau/adc_aau.o
 .debug_macro   0x000094a0      0x1a3 src/ASF/common/services/sleepmgr/xmega/sleepmgr.o
 .debug_macro   0x00009643      0x1db src/ASF/common/services/clock/xmega/sysclk.o
 .debug_macro   0x0000981e       0x26 src/ASF/common/services/clock/xmega/sysclk.o
 .debug_macro   0x00009844      0x193 src/ASF/common/services/ioport/xmega/ioport_compat.o
 .debug_macro   0x000099d7       0x82 src/ASF/common/services/ioport/xmega/ioport_compat.o
 .debug_macro   0x00009a59      0x109 src/ASF/common/services/ioport/xmega/ioport_compat.o
 .debug_macro   0x00009b62      0x1b5 src/ASF/xmega/boards/xmega_a3bu_xplained/init.o
 .debug_macro   0x00009d17       0x2e src/ASF/xmega/boards/xmega_a3bu_xplained/init.o
 .debug_macro   0x00009d45      0x242 src/ASF/xmega/boards/xmega_a3bu_xplained/init.o
 .debug_macro   0x00009f87       0xfb src/fht.o
 .debug_macro   0x0000a082      0x302 src/main.o
 .debug_macro   0x0000a384       0x34 src/main.o
 .debug_macro   0x0000a3b8       0x40 src/main.o
 .debug_macro   0x0000a3f8       0x1c src/main.o
OUTPUT(XMEGA-A3BU_FFT_plain_C.elf elf32-avr)
LOAD linker stubs

.BOOT           0x00040000        0x0
